// Jest Snapshot v1, https://goo.gl/fbAQLP

exports[`ProductCard matches snapshot 1`] = `
<DocumentFragment>
  <a
    class="border-2 rounded-md overflow-hidden"
    href="/products/1"
  >
    <div
      class="relative w-full h-64"
    >
      <img
        alt="Test Product"
        src="test.jpg"
        style="object-fit: contain; width: 100%; height: 100%;"
      />
    </div>
    <div
      class="p-6 bg-white"
    >
      <p
        class="font-semibold text-lg"
      >
        Test Product
      </p>
      <div
        class="mt-4 flex items-center justify-between space-x-2"
      >
        <div>
          <p
            class="text-gray-500"
          >
            Price
          </p>
          <p
            class="text-lg font-semibold"
          />
        </div>
        <button
          class="border rounded-lg py-1 px-4 transition-colors duration-200 ease-in-out  hover:bg-lime-500 hover:text-white"
        >
          Add to Cart
        </button>
      </div>
    </div>
  </a>
</DocumentFragment>
`;
