// Jest Snapshot v1, https://goo.gl/fbAQLP

exports[`ProductPage matches snapshot 1`] = `
<DocumentFragment>
  Loading...
</DocumentFragment>
`;
