// Jest Snapshot v1, https://goo.gl/fbAQLP

exports[`Routes component matches snapshot 1`] = `
<DocumentFragment>
  <div>
    Homepage
  </div>
</DocumentFragment>
`;
