// Jest Snapshot v1, https://goo.gl/fbAQLP

exports[`LoginForm matches snapshot 1`] = `
<DocumentFragment>
  <div
    class="flex justify-center mt-5 mx-auto w-full md:w-5/12 lg:w-4/12"
  >
    <div
      class="rounded overflow-hidden shadow-md card"
    >
      <div
        class="px-8 pt-6 pb-8 mb-4 card-body"
      >
        <h1
          class="block text-gray-700 font-bold mb-2 text-xl text-center"
        >
          Log In
        </h1>
        <form
          class="mb-4"
        >
          <div
            class="mb-4"
          >
            <label
              class="block text-gray-700 text-sm font-bold mb-2"
              for="username"
            >
              Username
            </label>
            <input
              class="shadow appearance-none border rounded w-full py-2 px-3 text-gray-700 leading-tight focus:outline-none focus:shadow-outline"
              name="username"
              placeholder="Username"
              required=""
              type="text"
              value=""
            />
          </div>
          <div
            class="mb-4"
          >
            <label
              class="block text-gray-700 text-sm font-bold mb-2"
              for="password"
            >
              Password
            </label>
            <input
              class="shadow appearance-none border rounded w-full py-2 px-3 text-gray-700 leading-tight focus:outline-none focus:shadow-outline"
              name="password"
              placeholder="Password"
              required=""
              type="password"
              value=""
            />
          </div>
          <p
            class="text-red-500 text-xs italic"
          />
          <button
            class="bg-blue-500 hover:bg-blue-700 text-white font-bold py-2 px-4 rounded focus:outline-none focus:shadow-outline w-full"
            type="submit"
          >
            Login
          </button>
        </form>
      </div>
    </div>
  </div>
</DocumentFragment>
`;
